\BOOKMARK [0][-]{chapter.1}{\376\377\000I\000n\000t\000r\000o\000d\000u\000c\000c\000i\000\363\000n\000\040\000G\000e\000n\000e\000r\000a\000l}{}% 1
\BOOKMARK [1][-]{section.1.1}{\376\377\000P\000r\000o\000p\000\363\000s\000i\000t\000o\000\040\000d\000e\000\040\000e\000s\000t\000a\000\040\000G\000u\000\355\000a}{chapter.1}% 2
\BOOKMARK [1][-]{section.1.2}{\376\377\000\277\000P\000o\000r\000\040\000Q\000u\000\351\000\040\000E\000x\000i\000s\000t\000e\000\040\000E\000s\000t\000a\000\040\000H\000e\000r\000r\000a\000m\000i\000e\000n\000t\000a\000?}{chapter.1}% 3
\BOOKMARK [2][-]{subsection.1.2.1}{\376\377\000C\000o\000n\000t\000e\000x\000t\000o\000\040\000C\000l\000\355\000n\000i\000c\000o}{section.1.2}% 4
\BOOKMARK [2][-]{subsection.1.2.2}{\376\377\000S\000o\000l\000u\000c\000i\000\363\000n\000\040\000P\000r\000o\000p\000u\000e\000s\000t\000a}{section.1.2}% 5
\BOOKMARK [1][-]{section.1.3}{\376\377\000B\000e\000n\000e\000f\000i\000c\000i\000o\000s\000\040\000C\000l\000a\000v\000e}{chapter.1}% 6
\BOOKMARK [0][-]{chapter.2}{\376\377\000I\000n\000f\000o\000r\000m\000a\000c\000i\000\363\000n\000\040\000G\000e\000n\000e\000r\000a\000l\000\040\000d\000e\000\040\000l\000a\000\040\000P\000l\000a\000t\000a\000f\000o\000r\000m\000a}{}% 7
\BOOKMARK [1][-]{section.2.1}{\376\377\000A\000c\000c\000e\000s\000o\000\040\000y\000\040\000A\000u\000t\000e\000n\000t\000i\000c\000a\000c\000i\000\363\000n}{chapter.2}% 8
\BOOKMARK [2][-]{subsection.2.1.1}{\376\377\000U\000R\000L\000\040\000d\000e\000\040\000A\000c\000c\000e\000s\000o}{section.2.1}% 9
\BOOKMARK [2][-]{subsection.2.1.2}{\376\377\000E\000s\000c\000u\000d\000o\000\040\000d\000e\000\040\000A\000c\000c\000e\000s\000o\000\040\000P\000r\000o\000f\000e\000s\000i\000o\000n\000a\000l}{section.2.1}% 10
\BOOKMARK [1][-]{section.2.2}{\376\377\000A\000r\000q\000u\000i\000t\000e\000c\000t\000u\000r\000a\000\040\000G\000e\000n\000e\000r\000a\000l\000\040\000d\000e\000\040\000l\000a\000\040\000P\000W\000A}{chapter.2}% 11
\BOOKMARK [0][-]{chapter.3}{\376\377\000G\000u\000\355\000a\000\040\000D\000e\000t\000a\000l\000l\000a\000d\000a\000\040\000d\000e\000\040\000N\000a\000v\000e\000g\000a\000c\000i\000\363\000n}{}% 12
\BOOKMARK [1][-]{section.3.1}{\376\377\000P\000a\000s\000o\000\040\0001\000:\000\040\000A\000c\000e\000p\000t\000a\000c\000i\000\363\000n\000\040\000d\000e\000l\000\040\000E\000s\000c\000u\000d\000o\000\040\000P\000r\000o\000f\000e\000s\000i\000o\000n\000a\000l}{chapter.3}% 13
\BOOKMARK [1][-]{section.3.2}{\376\377\000P\000a\000s\000o\000\040\0002\000:\000\040\000C\000o\000m\000p\000l\000e\000t\000a\000r\000\040\000P\000e\000r\000f\000i\000l\000\040\000d\000e\000l\000\040\000P\000a\000c\000i\000e\000n\000t\000e}{chapter.3}% 14
\BOOKMARK [2][-]{subsection.3.2.1}{\376\377\000C\000a\000m\000p\000o\000s\000\040\000O\000b\000l\000i\000g\000a\000t\000o\000r\000i\000o\000s}{section.3.2}% 15
\BOOKMARK [2][-]{subsection.3.2.2}{\376\377\000E\000x\000p\000l\000i\000c\000a\000c\000i\000\363\000n\000\040\000D\000e\000t\000a\000l\000l\000a\000d\000a\000\040\000d\000e\000\040\000C\000a\000d\000a\000\040\000C\000a\000m\000p\000o}{section.3.2}% 16
\BOOKMARK [1][-]{section.3.3}{\376\377\000P\000a\000s\000o\000\040\0003\000:\000\040\000S\000e\000l\000e\000c\000c\000i\000o\000n\000a\000r\000\040\000y\000\040\000E\000j\000e\000c\000u\000t\000a\000r\000\040\000P\000r\000u\000e\000b\000a\000s\000\040\000C\000l\000\355\000n\000i\000c\000a\000s}{chapter.3}% 17
\BOOKMARK [0][-]{chapter.4}{\376\377\000D\000e\000s\000c\000r\000i\000p\000c\000i\000\363\000n\000\040\000E\000x\000h\000a\000u\000s\000t\000i\000v\000a\000\040\000d\000e\000\040\000C\000a\000d\000a\000\040\000P\000r\000u\000e\000b\000a\000\040\000C\000l\000\355\000n\000i\000c\000a}{}% 18
\BOOKMARK [1][-]{section.4.1}{\376\377\000P\000r\000u\000e\000b\000a\000\040\0001\000:\000\040\000T\000U\000G\000\040\000C\000o\000g\000n\000i\000t\000i\000v\000o\000\040\000\050\000T\000i\000m\000e\000d\000\040\000U\000p\000\040\000a\000n\000d\000\040\000G\000o\000\051}{chapter.4}% 19
\BOOKMARK [2][-]{subsection.4.1.1}{\376\377\000\277\000Q\000u\000\351\000\040\000e\000s\000?}{section.4.1}% 20
\BOOKMARK [2][-]{subsection.4.1.2}{\376\377\000F\000u\000n\000d\000a\000m\000e\000n\000t\000o\000\040\000C\000l\000\355\000n\000i\000c\000o}{section.4.1}% 21
\BOOKMARK [2][-]{subsection.4.1.3}{\376\377\000P\000r\000o\000t\000o\000c\000o\000l\000o\000\040\000D\000e\000t\000a\000l\000l\000a\000d\000o}{section.4.1}% 22
\BOOKMARK [2][-]{subsection.4.1.4}{\376\377\000I\000n\000t\000e\000r\000p\000r\000e\000t\000a\000c\000i\000\363\000n\000\040\000d\000e\000\040\000R\000e\000s\000u\000l\000t\000a\000d\000o\000s}{section.4.1}% 23
\BOOKMARK [2][-]{subsection.4.1.5}{\376\377\000C\000o\000n\000s\000i\000d\000e\000r\000a\000c\000i\000o\000n\000e\000s\000\040\000C\000l\000\355\000n\000i\000c\000a\000s\000\040\000A\000v\000a\000n\000z\000a\000d\000a\000s}{section.4.1}% 24
\BOOKMARK [1][-]{section.4.2}{\376\377\000P\000r\000u\000e\000b\000a\000\040\0002\000:\000\040\000B\000B\000S\000\040\000\050\000B\000e\000r\000g\000\040\000B\000a\000l\000a\000n\000c\000e\000\040\000S\000c\000a\000l\000e\000\051}{chapter.4}% 25
\BOOKMARK [2][-]{subsection.4.2.1}{\376\377\000\277\000Q\000u\000\351\000\040\000e\000s\000?}{section.4.2}% 26
\BOOKMARK [2][-]{subsection.4.2.2}{\376\377\000C\000o\000m\000p\000o\000n\000e\000n\000t\000e\000s\000\040\000E\000v\000a\000l\000u\000a\000d\000o\000s}{section.4.2}% 27
\BOOKMARK [2][-]{subsection.4.2.3}{\376\377\000P\000r\000o\000t\000o\000c\000o\000l\000o\000\040\000D\000e\000t\000a\000l\000l\000a\000d\000o\000\040\000p\000a\000r\000a\000\040\000C\000a\000d\000a\000\040\000\315\000t\000e\000m}{section.4.2}% 28
\BOOKMARK [2][-]{subsection.4.2.4}{\376\377\000P\000u\000n\000t\000u\000a\000c\000i\000\363\000n\000\040\000T\000o\000t\000a\000l\000\040\000B\000B\000S}{section.4.2}% 29
\BOOKMARK [2][-]{subsection.4.2.5}{\376\377\000C\000\363\000m\000o\000\040\000U\000s\000a\000r\000\040\000B\000B\000S\000\040\000e\000n\000\040\000l\000a\000\040\000P\000W\000A}{section.4.2}% 30
\BOOKMARK [1][-]{section.4.3}{\376\377\000P\000r\000u\000e\000b\000a\000\040\0003\000:\000\040\000F\000G\000A\000\040\000\050\000F\000u\000n\000c\000t\000i\000o\000n\000a\000l\000\040\000G\000a\000i\000t\000\040\000A\000s\000s\000e\000s\000s\000m\000e\000n\000t\000\051}{chapter.4}% 31
\BOOKMARK [2][-]{subsection.4.3.1}{\376\377\000\277\000Q\000u\000\351\000\040\000e\000s\000?}{section.4.3}% 32
\BOOKMARK [2][-]{subsection.4.3.2}{\376\377\000L\000o\000s\000\040\0001\0000\000\040\000\315\000t\000e\000m\000s}{section.4.3}% 33
\BOOKMARK [2][-]{subsection.4.3.3}{\376\377\000P\000r\000o\000t\000o\000c\000o\000l\000o\000\040\000y\000\040\000P\000u\000n\000t\000u\000a\000c\000i\000\363\000n}{section.4.3}% 34
\BOOKMARK [2][-]{subsection.4.3.4}{\376\377\000P\000u\000n\000t\000u\000a\000c\000i\000\363\000n\000\040\000T\000o\000t\000a\000l\000\040\000F\000G\000A}{section.4.3}% 35
\BOOKMARK [1][-]{section.4.4}{\376\377\000P\000r\000u\000e\000b\000a\000\040\0004\000:\000\040\000U\000P\000D\000R\000S\000\040\000M\000o\000t\000o\000r\000\040\000\050\000U\000n\000i\000f\000i\000e\000d\000\040\000P\000a\000r\000k\000i\000n\000s\000o\000n\000'\000s\000\040\000D\000i\000s\000e\000a\000s\000e\000\040\000R\000a\000t\000i\000n\000g\000\040\000S\000c\000a\000l\000e\000\051}{chapter.4}% 36
\BOOKMARK [2][-]{subsection.4.4.1}{\376\377\000\277\000Q\000u\000\351\000\040\000e\000s\000?}{section.4.4}% 37
\BOOKMARK [2][-]{subsection.4.4.2}{\376\377\000C\000o\000m\000p\000o\000n\000e\000n\000t\000e\000s\000\040\000d\000e\000l\000\040\000U\000P\000D\000R\000S\000\040\000M\000o\000t\000o\000r}{section.4.4}% 38
\BOOKMARK [2][-]{subsection.4.4.3}{\376\377\000E\000n\000\040\000l\000a\000\040\000P\000W\000A\000:\000\040\000C\000a\000m\000p\000o\000\040\000d\000e\000\040\000T\000e\000x\000t\000o\000\040\000L\000i\000b\000r\000e}{section.4.4}% 39
\BOOKMARK [2][-]{subsection.4.4.4}{\376\377\000I\000n\000t\000e\000r\000p\000r\000e\000t\000a\000c\000i\000\363\000n\000\040\000C\000l\000\355\000n\000i\000c\000a}{section.4.4}% 40
\BOOKMARK [0][-]{chapter.5}{\376\377\000M\000\363\000d\000u\000l\000o\000s\000\040\000C\000o\000m\000p\000l\000e\000m\000e\000n\000t\000a\000r\000i\000o\000s\000\040\000d\000e\000\040\000l\000a\000\040\000P\000W\000A}{}% 41
\BOOKMARK [1][-]{section.5.1}{\376\377\000E\000s\000t\000i\000m\000u\000l\000a\000c\000i\000\363\000n\000\040\000R\000\355\000t\000m\000i\000c\000a\000\040\000S\000e\000n\000s\000o\000r\000i\000a\000l\000\040\000\050\000C\000u\000e\000i\000n\000g\000\051}{chapter.5}% 42
\BOOKMARK [2][-]{subsection.5.1.1}{\376\377\000\277\000Q\000u\000\351\000\040\000e\000s\000\040\000e\000l\000\040\000C\000u\000e\000i\000n\000g\000?}{section.5.1}% 43
\BOOKMARK [2][-]{subsection.5.1.2}{\376\377\000F\000u\000n\000d\000a\000m\000e\000n\000t\000o\000\040\000N\000e\000u\000r\000o\000c\000i\000e\000n\000t\000\355\000f\000i\000c\000o}{section.5.1}% 44
\BOOKMARK [2][-]{subsection.5.1.3}{\376\377\000I\000m\000p\000l\000e\000m\000e\000n\000t\000a\000c\000i\000\363\000n\000\040\000e\000n\000\040\000l\000a\000\040\000P\000W\000A}{section.5.1}% 45
\BOOKMARK [2][-]{subsection.5.1.4}{\376\377\000C\000\363\000m\000o\000\040\000U\000s\000a\000r\000l\000o}{section.5.1}% 46
\BOOKMARK [1][-]{section.5.2}{\376\377\000M\000o\000n\000i\000t\000o\000r\000e\000o\000\040\000d\000e\000\040\000S\000e\000s\000i\000\363\000n}{chapter.5}% 47
\BOOKMARK [2][-]{subsection.5.2.1}{\376\377\000E\000s\000t\000r\000u\000c\000t\000u\000r\000a\000\040\000d\000e\000\040\000l\000a\000\040\000S\000e\000s\000i\000\363\000n}{section.5.2}% 48
\BOOKMARK [2][-]{subsection.5.2.2}{\376\377\000\277\000P\000o\000r\000\040\000Q\000u\000\351\000\040\0003\0000\000\040\000M\000i\000n\000u\000t\000o\000s\000?}{section.5.2}% 49
\BOOKMARK [2][-]{subsection.5.2.3}{\376\377\000U\000s\000o\000\040\000d\000e\000l\000\040\000C\000r\000o\000n\000\363\000m\000e\000t\000r\000o\000\040\000e\000n\000\040\000l\000a\000\040\000P\000W\000A}{section.5.2}% 50
\BOOKMARK [2][-]{subsection.5.2.4}{\376\377\000M\000o\000n\000i\000t\000o\000r\000e\000o\000\040\000C\000l\000\355\000n\000i\000c\000o\000\040\000S\000i\000m\000u\000l\000t\000\341\000n\000e\000o}{section.5.2}% 51
\BOOKMARK [1][-]{section.5.3}{\376\377\000S\000e\000g\000u\000i\000m\000i\000e\000n\000t\000o\000\040\000M\000e\000t\000a\000\040\000T\000e\000r\000a\000p\000\351\000u\000t\000i\000c\000a}{chapter.5}% 52
\BOOKMARK [2][-]{subsection.5.3.1}{\376\377\000C\000a\000m\000p\000o\000\040\000d\000e\000\040\000R\000e\000g\000i\000s\000t\000r\000o\000\040\000D\000i\000a\000r\000i\000o}{section.5.3}% 53
\BOOKMARK [2][-]{subsection.5.3.2}{\376\377\000R\000e\000q\000u\000i\000s\000i\000t\000o\000\040\000d\000e\000\040\000I\000n\000t\000e\000g\000r\000i\000d\000a\000d}{section.5.3}% 54
\BOOKMARK [2][-]{subsection.5.3.3}{\376\377\000E\000j\000e\000m\000p\000l\000o\000\040\000d\000e\000\040\000R\000e\000g\000i\000s\000t\000r\000o\000\040\000C\000o\000m\000p\000l\000e\000t\000o}{section.5.3}% 55
\BOOKMARK [0][-]{chapter.6}{\376\377\000C\000a\000s\000o\000s\000\040\000C\000l\000\355\000n\000i\000c\000o\000s\000\040\000P\000r\000\341\000c\000t\000i\000c\000o\000s}{}% 56
\BOOKMARK [1][-]{section.6.1}{\376\377\000C\000a\000s\000o\000\040\0001\000:\000\040\000P\000a\000c\000i\000e\000n\000t\000e\000\040\000c\000o\000n\000\040\000R\000i\000e\000s\000g\000o\000\040\000B\000a\000j\000o}{chapter.6}% 57
\BOOKMARK [2][-]{subsection.6.1.1}{\376\377\000P\000r\000e\000s\000e\000n\000t\000a\000c\000i\000\363\000n}{section.6.1}% 58
\BOOKMARK [2][-]{subsection.6.1.2}{\376\377\000R\000e\000s\000u\000l\000t\000a\000d\000o\000s\000\040\000d\000e\000\040\000P\000r\000u\000e\000b\000a\000s}{section.6.1}% 59
\BOOKMARK [2][-]{subsection.6.1.3}{\376\377\000I\000n\000t\000e\000r\000p\000r\000e\000t\000a\000c\000i\000\363\000n\000\040\000C\000l\000\355\000n\000i\000c\000a}{section.6.1}% 60
\BOOKMARK [2][-]{subsection.6.1.4}{\376\377\000P\000l\000a\000n\000\040\000d\000e\000\040\000I\000n\000t\000e\000r\000v\000e\000n\000c\000i\000\363\000n}{section.6.1}% 61
\BOOKMARK [1][-]{section.6.2}{\376\377\000C\000a\000s\000o\000\040\0002\000:\000\040\000P\000a\000c\000i\000e\000n\000t\000e\000\040\000c\000o\000n\000\040\000R\000i\000e\000s\000g\000o\000\040\000A\000l\000t\000o}{chapter.6}% 62
\BOOKMARK [2][-]{subsection.6.2.1}{\376\377\000P\000r\000e\000s\000e\000n\000t\000a\000c\000i\000\363\000n}{section.6.2}% 63
\BOOKMARK [2][-]{subsection.6.2.2}{\376\377\000R\000e\000s\000u\000l\000t\000a\000d\000o\000s\000\040\000d\000e\000\040\000P\000r\000u\000e\000b\000a\000s}{section.6.2}% 64
\BOOKMARK [2][-]{subsection.6.2.3}{\376\377\000I\000n\000t\000e\000r\000p\000r\000e\000t\000a\000c\000i\000\363\000n\000\040\000C\000l\000\355\000n\000i\000c\000a}{section.6.2}% 65
\BOOKMARK [2][-]{subsection.6.2.4}{\376\377\000P\000l\000a\000n\000\040\000d\000e\000\040\000I\000n\000t\000e\000r\000v\000e\000n\000c\000i\000\363\000n\000\040\000I\000n\000t\000e\000n\000s\000i\000v\000o}{section.6.2}% 66
\BOOKMARK [0][-]{chapter.7}{\376\377\000C\000o\000n\000s\000i\000d\000e\000r\000a\000c\000i\000o\000n\000e\000s\000\040\000F\000i\000n\000a\000l\000e\000s\000\040\000y\000\040\000M\000e\000j\000o\000r\000e\000s\000\040\000P\000r\000\341\000c\000t\000i\000c\000a\000s}{}% 67
\BOOKMARK [1][-]{section.7.1}{\376\377\000C\000h\000e\000c\000k\000l\000i\000s\000t\000\040\000d\000e\000\040\000S\000e\000g\000u\000r\000i\000d\000a\000d\000\040\000A\000n\000t\000e\000s\000\040\000d\000e\000\040\000C\000a\000d\000a\000\040\000S\000e\000s\000i\000\363\000n}{chapter.7}% 68
\BOOKMARK [1][-]{section.7.2}{\376\377\000F\000r\000e\000c\000u\000e\000n\000c\000i\000a\000\040\000R\000e\000c\000o\000m\000e\000n\000d\000a\000d\000a\000\040\000d\000e\000\040\000I\000n\000t\000e\000r\000v\000e\000n\000c\000i\000\363\000n}{chapter.7}% 69
\BOOKMARK [1][-]{section.7.3}{\376\377\000C\000o\000n\000t\000r\000a\000i\000n\000d\000i\000c\000a\000c\000i\000o\000n\000e\000s\000\040\000y\000\040\000E\000v\000e\000n\000t\000o\000s\000\040\000A\000d\000v\000e\000r\000s\000o\000s}{chapter.7}% 70
\BOOKMARK [2][-]{subsection.7.3.1}{\376\377\000C\000u\000\341\000n\000d\000o\000\040\000N\000O\000\040\000U\000s\000a\000r\000\040\000l\000a\000\040\000P\000W\000A}{section.7.3}% 71
\BOOKMARK [2][-]{subsection.7.3.2}{\376\377\000R\000e\000a\000c\000c\000i\000o\000n\000e\000s\000\040\000A\000d\000v\000e\000r\000s\000a\000s\000\040\000E\000s\000p\000e\000r\000a\000d\000a\000s}{section.7.3}% 72
\BOOKMARK [1][-]{section.7.4}{\376\377\000I\000n\000t\000e\000g\000r\000a\000c\000i\000\363\000n\000\040\000e\000n\000\040\000P\000r\000o\000t\000o\000c\000o\000l\000o\000s\000\040\000M\000u\000l\000t\000i\000d\000i\000s\000c\000i\000p\000l\000i\000n\000a\000r\000i\000o\000s}{chapter.7}% 73
\BOOKMARK [1][-]{section.7.5}{\376\377\000R\000e\000c\000o\000m\000e\000n\000d\000a\000c\000i\000o\000n\000e\000s\000\040\000p\000a\000r\000a\000\040\000P\000r\000\363\000x\000i\000m\000a\000\040\000S\000e\000s\000i\000\363\000n}{chapter.7}% 74
\BOOKMARK [0][-]{appendix.Alph1}{\376\377\000G\000l\000o\000s\000a\000r\000i\000o\000\040\000d\000e\000\040\000T\000\351\000r\000m\000i\000n\000o\000s\000\040\000C\000l\000\355\000n\000i\000c\000o\000s}{}% 75
\BOOKMARK [0][-]{appendix.Alph2}{\376\377\000R\000e\000f\000e\000r\000e\000n\000c\000i\000a\000s\000\040\000y\000\040\000B\000i\000b\000l\000i\000o\000g\000r\000a\000f\000\355\000a\000\040\000R\000e\000c\000o\000m\000e\000n\000d\000a\000d\000a}{}% 76
